閫傜敤浜?.NET Framework MSBuild 鐗堟湰 17.14.14+a129329f1
鐢熸垚鍚姩鏃堕棿涓?2026/4/12 12:33:05銆?

     1>椤圭洰鈥淒:\VisualStudioProjects\JonysandMHDanmuTools\JonysandMHDanmuTools.sln鈥濆湪鑺傜偣 1 涓?Build 涓洰鏍?銆?
     1>ValidateSolutionConfiguration:
         姝ｅ湪鐢熸垚瑙ｅ喅鏂规閰嶇疆鈥淒ebug|x64鈥濄€?
     1>椤圭洰鈥淒:\VisualStudioProjects\JonysandMHDanmuTools\JonysandMHDanmuTools.sln鈥?1)姝ｅ湪鑺傜偣 2 涓婄敓鎴愨€淒:\VisualStudioProjects\JonysandMHDanmuTools\SQLite3Lib\SQLite3Lib.vcxproj鈥?3) (榛樿鐩爣)銆?
     3>PrepareForBuild:
         宸插惎鐢ㄧ粨鏋勫寲杈撳嚭銆傜紪璇戝櫒璇婃柇鐨勬牸寮忚缃皢鍙嶆槧閿欒灞傛缁撴瀯銆傛湁鍏宠缁嗕俊鎭紝璇峰弬闃?https://aka.ms/cpp/structured-output銆?
       InitializeBuildStatus:
         姝ｅ湪鍒涘缓鈥淒:\VisualStudioProjects\JonysandMHDanmuTools\obj\SQLite3Lib\x64\Debug\SQLite3Lib.tlog\unsuccessfulbuild鈥濓紝鍥犱负宸叉寚瀹氣€淎lwaysCreate鈥濄€?
         姝ｅ湪瀵光€淒:\VisualStudioProjects\JonysandMHDanmuTools\obj\SQLite3Lib\x64\Debug\SQLite3Lib.tlog\unsuccessfulbuild鈥濇墽琛?Touch 浠诲姟銆?
       ClCompile:
         鎵€鏈夎緭鍑哄潎涓烘渶鏂般€?
       Lib:
         鎵€鏈夎緭鍑哄潎涓烘渶鏂般€?
         SQLite3Lib.vcxproj -> D:\VisualStudioProjects\JonysandMHDanmuTools\bin\x64\Debug\SQLite3Lib.lib
       FinalizeBuildStatus:
         姝ｅ湪鍒犻櫎鏂囦欢鈥淒:\VisualStudioProjects\JonysandMHDanmuTools\obj\SQLite3Lib\x64\Debug\SQLite3Lib.tlog\unsuccessfulbuild鈥濄€?
         姝ｅ湪瀵光€淒:\VisualStudioProjects\JonysandMHDanmuTools\obj\SQLite3Lib\x64\Debug\SQLite3Lib.tlog\SQLite3Lib.lastbuildstate鈥濇墽琛?Touch 浠诲姟銆?
     3>宸插畬鎴愮敓鎴愰」鐩€淒:\VisualStudioProjects\JonysandMHDanmuTools\SQLite3Lib\SQLite3Lib.vcxproj鈥?榛樿鐩爣)鐨勬搷浣溿€?
     1>椤圭洰鈥淒:\VisualStudioProjects\JonysandMHDanmuTools\JonysandMHDanmuTools.sln鈥?1)姝ｅ湪鑺傜偣 1 涓婄敓鎴愨€淒:\VisualStudioProjects\JonysandMHDanmuTools\JonysandMHDanmuTools\MonsterOrderWildsGUI.csproj鈥?2) (榛樿鐩爣)銆?
     2>MainResourcesGeneration:
       姝ｅ湪璺宠繃鐩爣鈥淢ainResourcesGeneration鈥濓紝鍥犱负鎵€鏈夎緭鍑烘枃浠剁浉瀵逛簬杈撳叆鏂囦欢鑰岃█閮芥槸鏈€鏂扮殑銆?
       GenerateTargetFrameworkMonikerAttribute:
       姝ｅ湪璺宠繃鐩爣鈥淕enerateTargetFrameworkMonikerAttribute鈥濓紝鍥犱负鎵€鏈夎緭鍑烘枃浠剁浉瀵逛簬杈撳叆鏂囦欢鑰岃█閮芥槸鏈€鏂扮殑銆?
       CoreCompile:
       姝ｅ湪璺宠繃鐩爣鈥淐oreCompile鈥濓紝鍥犱负鎵€鏈夎緭鍑烘枃浠剁浉瀵逛簬杈撳叆鏂囦欢鑰岃█閮芥槸鏈€鏂扮殑銆?
       CopyFilesToOutputDirectory:
         MonsterOrderWildsGUI -> D:\VisualStudioProjects\JonysandMHDanmuTools\JonysandMHDanmuTools\bin\Debug\MonsterOrderWildsGUI.dll
     2>宸插畬鎴愮敓鎴愰」鐩€淒:\VisualStudioProjects\JonysandMHDanmuTools\JonysandMHDanmuTools\MonsterOrderWildsGUI.csproj鈥?榛樿鐩爣)鐨勬搷浣溿€?
     1>椤圭洰鈥淒:\VisualStudioProjects\JonysandMHDanmuTools\JonysandMHDanmuTools.sln鈥?1)姝ｅ湪鑺傜偣 3 涓婄敓鎴愨€淒:\VisualStudioProjects\JonysandMHDanmuTools\MonsterOrderWilds\MonsterOrderWilds.vcxproj鈥?4) (榛樿鐩爣)銆?
     4>PrepareForBuild:
         宸插惎鐢ㄧ粨鏋勫寲杈撳嚭銆傜紪璇戝櫒璇婃柇鐨勬牸寮忚缃皢鍙嶆槧閿欒灞傛缁撴瀯銆傛湁鍏宠缁嗕俊鎭紝璇峰弬闃?https://aka.ms/cpp/structured-output銆?
       InitializeBuildStatus:
         姝ｅ湪鍒涘缓鈥渪64\Debug\MonsterO.612b27fd.tlog\unsuccessfulbuild鈥濓紝鍥犱负宸叉寚瀹氣€淎lwaysCreate鈥濄€?
         姝ｅ湪瀵光€渪64\Debug\MonsterO.612b27fd.tlog\unsuccessfulbuild鈥濇墽琛?Touch 浠诲姟銆?
       GenerateTargetFrameworkMonikerAttribute:
       姝ｅ湪璺宠繃鐩爣鈥淕enerateTargetFrameworkMonikerAttribute鈥濓紝鍥犱负鎵€鏈夎緭鍑烘枃浠剁浉瀵逛簬杈撳叆鏂囦欢鑰岃█閮芥槸鏈€鏂扮殑銆?
       ClCompile:
         D:\Microsoft Visual Studio\2022\Community\VC\Tools\MSVC\14.44.35207\bin\HostX86\x64\CL.exe /c /ID:\VisualStudioProjects\JonysandMHDanmuTools\MonsterOrderWilds\external /ID:\VisualStudioProjects\JonysandMHDanmuTools\MonsterOrderWilds\.. /ID:\VisualStudioProjects\JonysandMHDanmuTools\MonsterOrderWilds\..\external /ID:\VisualStudioProjects\JonysandMHDanmuTools\MonsterOrderWilds\..\external/cppjieba/include /ID:\VisualStudioProjects\JonysandMHDanmuTools\MonsterOrderWilds\..\external/cppjieba/deps/limonp/include /ID:\VisualStudioProjects\JonysandMHDanmuTools\MonsterOrderWilds\../ExternalLibs /AI"C:\Program Files (x86)\Reference Assemblies\Microsoft\Framework\.NETFramework\v4.6.1\\" /AI"D:\Windows Kits\10\References" /AI"C:\Program Files (x86)\Reference Assemblies\Microsoft\Framework\.NETFramework\v4.6.1\Facades\\" /Zi /clr /nologo /W3 /WX- /diagnostics:column /sdl /Od /D _DEBUG /D _WINDOWS /D _SILENCE_ALL_CXX17_DEPRECATION_WARNINGS /D _UNICODE /D UNICODE /EHa /MDd /GS /fp:precise /Zc:wchar_t /Zc:forScope /Zc:inline /std:c++20 /permissive- /Fo"x64\Debug\\" /Fd"x64\Debug\vc143.pdb" /external:W3 /TP /FUD:\VisualStudioProjects\JonysandMHDanmuTools\JonysandMHDanmuTools\bin\Debug\MonsterOrderWildsGUI.dll /FU"C:\Program Files (x86)\Reference Assemblies\Microsoft\Framework\.NETFramework\v4.6.1\mscorlib.dll" /FU"C:\Program Files (x86)\Reference Assemblies\Microsoft\Framework\.NETFramework\v4.6.1\PresentationCore.dll" /FU"C:\Program Files (x86)\Reference Assemblies\Microsoft\Framework\.NETFramework\v4.6.1\PresentationFramework.dll" /FU"C:\Program Files (x86)\Reference Assemblies\Microsoft\Framework\.NETFramework\v4.6.1\System.dll" /FU"C:\Program Files (x86)\Reference Assemblies\Microsoft\Framework\.NETFramework\v4.6.1\UIAutomationProvider.dll" /FU"C:\Program Files (x86)\Reference Assemblies\Microsoft\Framework\.NETFramework\v4.6.1\UIAutomationTypes.dll" /FU"C:\Program Files (x86)\Reference Assemblies\Microsoft\Framework\.NETFramework\v4.6.1\WindowsBase.dll" /FC /errorReport:queue /clr:nostdlib /utf-8 CaptainCheckInModule.cpp
         CaptainCheckInModule.cpp
     4>D:\VisualStudioProjects\JonysandMHDanmuTools\MonsterOrderWilds\CaptainCheckInModule.cpp(130,9): warning C4477: 鈥淿snwprintf_s鈥? 鏍煎紡瀛楃涓测€?s鈥濋渶瑕佺被鍨嬧€渨char_t *鈥濈殑鍙傛暟锛屼絾鍙彉鍙傛暟 1 鎷ユ湁浜嗙被鍨嬧€渃onst char *鈥?[D:\VisualStudioProjects\JonysandMHDanmuTools\MonsterOrderWilds\MonsterOrderWilds.vcxproj]
             D:\VisualStudioProjects\JonysandMHDanmuTools\MonsterOrderWilds\CaptainCheckInModule.cpp(130,9):
             璇疯€冭檻鍦ㄦ牸寮忓瓧绗︿覆涓娇鐢ㄢ€?hs鈥?
             D:\VisualStudioProjects\JonysandMHDanmuTools\MonsterOrderWilds\CaptainCheckInModule.cpp(130,9):
             璇疯€冭檻鍦ㄦ牸寮忓瓧绗︿覆涓娇鐢ㄢ€?Ts鈥?
             D:\VisualStudioProjects\JonysandMHDanmuTools\MonsterOrderWilds\CaptainCheckInModule.cpp(130,9):
             Visual C++ 浣跨敤闈炴爣鍑嗚涔夋椂浼氬嚭鐜版璀﹀憡
         
     4>D:\VisualStudioProjects\JonysandMHDanmuTools\MonsterOrderWilds\CaptainCheckInModule.cpp(135,5): warning C4477: 鈥淿snwprintf_s鈥? 鏍煎紡瀛楃涓测€?s鈥濋渶瑕佺被鍨嬧€渨char_t *鈥濈殑鍙傛暟锛屼絾鍙彉鍙傛暟 1 鎷ユ湁浜嗙被鍨嬧€渃onst _Elem *鈥?[D:\VisualStudioProjects\JonysandMHDanmuTools\MonsterOrderWilds\MonsterOrderWilds.vcxproj]
D:\VisualStudioProjects\JonysandMHDanmuTools\MonsterOrderWilds\CaptainCheckInModule.cpp(135,5): warning C4477:         with [D:\VisualStudioProjects\JonysandMHDanmuTools\MonsterOrderWilds\MonsterOrderWilds.vcxproj]
D:\VisualStudioProjects\JonysandMHDanmuTools\MonsterOrderWilds\CaptainCheckInModule.cpp(135,5): warning C4477:         [ [D:\VisualStudioProjects\JonysandMHDanmuTools\MonsterOrderWilds\MonsterOrderWilds.vcxproj]
D:\VisualStudioProjects\JonysandMHDanmuTools\MonsterOrderWilds\CaptainCheckInModule.cpp(135,5): warning C4477:             _Elem=char [D:\VisualStudioProjects\JonysandMHDanmuTools\MonsterOrderWilds\MonsterOrderWilds.vcxproj]
D:\VisualStudioProjects\JonysandMHDanmuTools\MonsterOrderWilds\CaptainCheckInModule.cpp(135,5): warning C4477:         ] [D:\VisualStudioProjects\JonysandMHDanmuTools\MonsterOrderWilds\MonsterOrderWilds.vcxproj]
             D:\VisualStudioProjects\JonysandMHDanmuTools\MonsterOrderWilds\CaptainCheckInModule.cpp(135,5):
             璇疯€冭檻鍦ㄦ牸寮忓瓧绗︿覆涓娇鐢ㄢ€?hs鈥?
             D:\VisualStudioProjects\JonysandMHDanmuTools\MonsterOrderWilds\CaptainCheckInModule.cpp(135,5):
             璇疯€冭檻鍦ㄦ牸寮忓瓧绗︿覆涓娇鐢ㄢ€?Ts鈥?
             D:\VisualStudioProjects\JonysandMHDanmuTools\MonsterOrderWilds\CaptainCheckInModule.cpp(135,5):
             Visual C++ 浣跨敤闈炴爣鍑嗚涔夋椂浼氬嚭鐜版璀﹀憡
         
     4>D:\VisualStudioProjects\JonysandMHDanmuTools\MonsterOrderWilds\CaptainCheckInModule.cpp(164,5): warning C4477: 鈥淿snwprintf_s鈥? 鏍煎紡瀛楃涓测€?s鈥濋渶瑕佺被鍨嬧€渨char_t *鈥濈殑鍙傛暟锛屼絾鍙彉鍙傛暟 1 鎷ユ湁浜嗙被鍨嬧€渃onst _Elem *鈥?[D:\VisualStudioProjects\JonysandMHDanmuTools\MonsterOrderWilds\MonsterOrderWilds.vcxproj]
D:\VisualStudioProjects\JonysandMHDanmuTools\MonsterOrderWilds\CaptainCheckInModule.cpp(164,5): warning C4477:         with [D:\VisualStudioProjects\JonysandMHDanmuTools\MonsterOrderWilds\MonsterOrderWilds.vcxproj]
D:\VisualStudioProjects\JonysandMHDanmuTools\MonsterOrderWilds\CaptainCheckInModule.cpp(164,5): warning C4477:         [ [D:\VisualStudioProjects\JonysandMHDanmuTools\MonsterOrderWilds\MonsterOrderWilds.vcxproj]
D:\VisualStudioProjects\JonysandMHDanmuTools\MonsterOrderWilds\CaptainCheckInModule.cpp(164,5): warning C4477:             _Elem=char [D:\VisualStudioProjects\JonysandMHDanmuTools\MonsterOrderWilds\MonsterOrderWilds.vcxproj]
D:\VisualStudioProjects\JonysandMHDanmuTools\MonsterOrderWilds\CaptainCheckInModule.cpp(164,5): warning C4477:         ] [D:\VisualStudioProjects\JonysandMHDanmuTools\MonsterOrderWilds\MonsterOrderWilds.vcxproj]
             D:\VisualStudioProjects\JonysandMHDanmuTools\MonsterOrderWilds\CaptainCheckInModule.cpp(164,5):
             璇疯€冭檻鍦ㄦ牸寮忓瓧绗︿覆涓娇鐢ㄢ€?hs鈥?
             D:\VisualStudioProjects\JonysandMHDanmuTools\MonsterOrderWilds\CaptainCheckInModule.cpp(164,5):
             璇疯€冭檻鍦ㄦ牸寮忓瓧绗︿覆涓娇鐢ㄢ€?Ts鈥?
             D:\VisualStudioProjects\JonysandMHDanmuTools\MonsterOrderWilds\CaptainCheckInModule.cpp(164,5):
             Visual C++ 浣跨敤闈炴爣鍑嗚涔夋椂浼氬嚭鐜版璀﹀憡
         
     4>D:\VisualStudioProjects\JonysandMHDanmuTools\MonsterOrderWilds\CaptainCheckInModule.cpp(188,9): warning C4477: 鈥淿snwprintf_s鈥? 鏍煎紡瀛楃涓测€?s鈥濋渶瑕佺被鍨嬧€渨char_t *鈥濈殑鍙傛暟锛屼絾鍙彉鍙傛暟 1 鎷ユ湁浜嗙被鍨嬧€渃onst char *鈥?[D:\VisualStudioProjects\JonysandMHDanmuTools\MonsterOrderWilds\MonsterOrderWilds.vcxproj]
             D:\VisualStudioProjects\JonysandMHDanmuTools\MonsterOrderWilds\CaptainCheckInModule.cpp(188,9):
             璇疯€冭檻鍦ㄦ牸寮忓瓧绗︿覆涓娇鐢ㄢ€?hs鈥?
             D:\VisualStudioProjects\JonysandMHDanmuTools\MonsterOrderWilds\CaptainCheckInModule.cpp(188,9):
             璇疯€冭檻鍦ㄦ牸寮忓瓧绗︿覆涓娇鐢ㄢ€?Ts鈥?
             D:\VisualStudioProjects\JonysandMHDanmuTools\MonsterOrderWilds\CaptainCheckInModule.cpp(188,9):
             Visual C++ 浣跨敤闈炴爣鍑嗚涔夋椂浼氬嚭鐜版璀﹀憡
         
       ResourceCompile:
         鎵€鏈夎緭鍑哄潎涓烘渶鏂般€?
       Link:
         D:\Microsoft Visual Studio\2022\Community\VC\Tools\MSVC\14.44.35207\bin\HostX86\x64\link.exe /ERRORREPORT:QUEUE /OUT:"D:\VisualStudioProjects\JonysandMHDanmuTools\x64\Debug\MonsterOrderWilds.exe" /INCREMENTAL /ILK:"x64\Debug\MonsterOrderWilds.ilk" /NOLOGO winhttp.lib D:\VisualStudioProjects\JonysandMHDanmuTools\bin\x64\Debug\SQLite3Lib.lib kernel32.lib user32.lib gdi32.lib winspool.lib comdlg32.lib advapi32.lib shell32.lib ole32.lib oleaut32.lib uuid.lib odbc32.lib odbccp32.lib /MANIFEST /MANIFESTUAC:"level='asInvoker' uiAccess='false'" /manifest:embed /DEBUG /PDB:"D:\VisualStudioProjects\JonysandMHDanmuTools\x64\Debug\MonsterOrderWilds.pdb" /ASSEMBLYDEBUG /SUBSYSTEM:WINDOWS /TLBID:1 /DYNAMICBASE /FIXED:NO /NXCOMPAT /MACHINE:X64 x64\Debug\MonsterOrderWilds.res
         x64\Debug\AIChatProviderFactory.obj
         x64\Debug\AudioPlayer.obj
         x64\Debug\BliveManager.obj
         x64\Debug\CaptainCheckInModule.obj
         x64\Debug\ConfigFieldRegistry.obj
         x64\Debug\ConfigManager.obj
         x64\Debug\CredentialsManager.obj
         x64\Debug\DanmuProcessor.obj
         x64\Debug\DataBridgeExports.obj
         x64\Debug\DumpHelper.obj
         x64\Debug\main.obj
         x64\Debug\MHDanmuToolsHost.obj
         x64\Debug\MimoTTSClient.obj
         x64\Debug\DeepSeekAIChatProvider.obj
         x64\Debug\MiniMaxAIChatProvider.obj
         x64\Debug\MonsterDataManager.obj
         x64\Debug\MonsterOrderWilds.obj
         x64\Debug\Network.obj
         x64\Debug\PriorityQueueManager.obj
         x64\Debug\ProfileManager.obj
         x64\Debug\StringProcessor.obj
         x64\Debug\TextToSpeech.obj
         x64\Debug\TTSCacheManager.obj
         x64\Debug\TTSProviderFactory.obj
         x64\Debug\SapiTTSProvider.obj
         x64\Debug\XiaomiTTSProvider.obj
         x64\Debug\MiniMaxTTSProvider.obj
         x64\Debug\WriteLog.obj
         "x64\Debug\.NETFramework,Version=v4.6.1.AssemblyAttributes.obj"
         D:\VisualStudioProjects\JonysandMHDanmuTools\bin\x64\Debug\SQLite3Lib.lib
         AIChatProviderFactory.obj : 閬囧埌浜?MSIL 妯″潡锛涘 MSIL 绂佺敤浜嗗閲忛摼鎺ワ紱姝ｅ湪鎵ц瀹屽叏閾炬帴
           姝ｅ湪鍒涘缓搴?D:\VisualStudioProjects\JonysandMHDanmuTools\x64\Debug\MonsterOrderWilds.lib 鍜屽璞?D:\VisualStudioProjects\JonysandMHDanmuTools\x64\Debug\MonsterOrderWilds.exp
     4>SQLite3Lib.lib(sqlite3.obj) : warning LNK4075: 蹇界暐鈥?EDITANDCONTINUE鈥?鐢变簬鈥?INCREMENTAL:NO鈥濊鑼? [D:\VisualStudioProjects\JonysandMHDanmuTools\MonsterOrderWilds\MonsterOrderWilds.vcxproj]
     4>ProfileManager.obj : warning LNK4248: 鏃犳硶瑙ｆ瀽 typeref 鏍囪(0100001B)(涓衡€渟qlite3_stmt鈥?锛涙槧鍍忓彲鑳芥棤娉曡繍琛?[D:\VisualStudioProjects\JonysandMHDanmuTools\MonsterOrderWilds\MonsterOrderWilds.vcxproj]
     4>ProfileManager.obj : warning LNK4248: 鏃犳硶瑙ｆ瀽 typeref 鏍囪(01000020)(涓衡€渟qlite3鈥?锛涙槧鍍忓彲鑳芥棤娉曡繍琛?[D:\VisualStudioProjects\JonysandMHDanmuTools\MonsterOrderWilds\MonsterOrderWilds.vcxproj]
         MonsterOrderWilds.vcxproj -> D:\VisualStudioProjects\JonysandMHDanmuTools\x64\Debug\MonsterOrderWilds.exe
       PostBuildEvent:
         if not exist "D:\VisualStudioProjects\JonysandMHDanmuTools\x64\Debug\dict" mkdir "D:\VisualStudioProjects\JonysandMHDanmuTools\x64\Debug\dict"
         xcopy /y /q "D:\VisualStudioProjects\JonysandMHDanmuTools\MonsterOrderWilds\dict\*" "D:\VisualStudioProjects\JonysandMHDanmuTools\x64\Debug\dict\"
         :VCEnd
         澶嶅埗浜?5 涓枃浠?
       FinalizeBuildStatus:
         姝ｅ湪鍒犻櫎鏂囦欢鈥渪64\Debug\MonsterO.612b27fd.tlog\unsuccessfulbuild鈥濄€?
         姝ｅ湪瀵光€渪64\Debug\MonsterO.612b27fd.tlog\MonsterOrderWilds.lastbuildstate鈥濇墽琛?Touch 浠诲姟銆?
     4>宸插畬鎴愮敓鎴愰」鐩€淒:\VisualStudioProjects\JonysandMHDanmuTools\MonsterOrderWilds\MonsterOrderWilds.vcxproj鈥?榛樿鐩爣)鐨勬搷浣溿€?
     1>宸插畬鎴愮敓鎴愰」鐩€淒:\VisualStudioProjects\JonysandMHDanmuTools\JonysandMHDanmuTools.sln鈥?Build 涓洰鏍?鐨勬搷浣溿€?

宸叉垚鍔熺敓鎴愩€?

       鈥淒:\VisualStudioProjects\JonysandMHDanmuTools\JonysandMHDanmuTools.sln鈥?Build 鐩爣) (1) ->
       鈥淒:\VisualStudioProjects\JonysandMHDanmuTools\MonsterOrderWilds\MonsterOrderWilds.vcxproj鈥?榛樿鐩爣) (4) ->
       (ClCompile 鐩爣) -> 
         D:\VisualStudioProjects\JonysandMHDanmuTools\MonsterOrderWilds\CaptainCheckInModule.cpp(130,9): warning C4477: 鈥淿snwprintf_s鈥? 鏍煎紡瀛楃涓测€?s鈥濋渶瑕佺被鍨嬧€渨char_t *鈥濈殑鍙傛暟锛屼絾鍙彉鍙傛暟 1 鎷ユ湁浜嗙被鍨嬧€渃onst char *鈥?[D:\VisualStudioProjects\JonysandMHDanmuTools\MonsterOrderWilds\MonsterOrderWilds.vcxproj]
         D:\VisualStudioProjects\JonysandMHDanmuTools\MonsterOrderWilds\CaptainCheckInModule.cpp(135,5): warning C4477: 鈥淿snwprintf_s鈥? 鏍煎紡瀛楃涓测€?s鈥濋渶瑕佺被鍨嬧€渨char_t *鈥濈殑鍙傛暟锛屼絾鍙彉鍙傛暟 1 鎷ユ湁浜嗙被鍨嬧€渃onst _Elem *鈥?[D:\VisualStudioProjects\JonysandMHDanmuTools\MonsterOrderWilds\MonsterOrderWilds.vcxproj]
       D:\VisualStudioProjects\JonysandMHDanmuTools\MonsterOrderWilds\CaptainCheckInModule.cpp(135,5): warning C4477:         with [D:\VisualStudioProjects\JonysandMHDanmuTools\MonsterOrderWilds\MonsterOrderWilds.vcxproj]
       D:\VisualStudioProjects\JonysandMHDanmuTools\MonsterOrderWilds\CaptainCheckInModule.cpp(135,5): warning C4477:         [ [D:\VisualStudioProjects\JonysandMHDanmuTools\MonsterOrderWilds\MonsterOrderWilds.vcxproj]
       D:\VisualStudioProjects\JonysandMHDanmuTools\MonsterOrderWilds\CaptainCheckInModule.cpp(135,5): warning C4477:             _Elem=char [D:\VisualStudioProjects\JonysandMHDanmuTools\MonsterOrderWilds\MonsterOrderWilds.vcxproj]
       D:\VisualStudioProjects\JonysandMHDanmuTools\MonsterOrderWilds\CaptainCheckInModule.cpp(135,5): warning C4477:         ] [D:\VisualStudioProjects\JonysandMHDanmuTools\MonsterOrderWilds\MonsterOrderWilds.vcxproj]
         D:\VisualStudioProjects\JonysandMHDanmuTools\MonsterOrderWilds\CaptainCheckInModule.cpp(164,5): warning C4477: 鈥淿snwprintf_s鈥? 鏍煎紡瀛楃涓测€?s鈥濋渶瑕佺被鍨嬧€渨char_t *鈥濈殑鍙傛暟锛屼絾鍙彉鍙傛暟 1 鎷ユ湁浜嗙被鍨嬧€渃onst _Elem *鈥?[D:\VisualStudioProjects\JonysandMHDanmuTools\MonsterOrderWilds\MonsterOrderWilds.vcxproj]
       D:\VisualStudioProjects\JonysandMHDanmuTools\MonsterOrderWilds\CaptainCheckInModule.cpp(164,5): warning C4477:         with [D:\VisualStudioProjects\JonysandMHDanmuTools\MonsterOrderWilds\MonsterOrderWilds.vcxproj]
       D:\VisualStudioProjects\JonysandMHDanmuTools\MonsterOrderWilds\CaptainCheckInModule.cpp(164,5): warning C4477:         [ [D:\VisualStudioProjects\JonysandMHDanmuTools\MonsterOrderWilds\MonsterOrderWilds.vcxproj]
       D:\VisualStudioProjects\JonysandMHDanmuTools\MonsterOrderWilds\CaptainCheckInModule.cpp(164,5): warning C4477:             _Elem=char [D:\VisualStudioProjects\JonysandMHDanmuTools\MonsterOrderWilds\MonsterOrderWilds.vcxproj]
       D:\VisualStudioProjects\JonysandMHDanmuTools\MonsterOrderWilds\CaptainCheckInModule.cpp(164,5): warning C4477:         ] [D:\VisualStudioProjects\JonysandMHDanmuTools\MonsterOrderWilds\MonsterOrderWilds.vcxproj]
         D:\VisualStudioProjects\JonysandMHDanmuTools\MonsterOrderWilds\CaptainCheckInModule.cpp(188,9): warning C4477: 鈥淿snwprintf_s鈥? 鏍煎紡瀛楃涓测€?s鈥濋渶瑕佺被鍨嬧€渨char_t *鈥濈殑鍙傛暟锛屼絾鍙彉鍙傛暟 1 鎷ユ湁浜嗙被鍨嬧€渃onst char *鈥?[D:\VisualStudioProjects\JonysandMHDanmuTools\MonsterOrderWilds\MonsterOrderWilds.vcxproj]


       鈥淒:\VisualStudioProjects\JonysandMHDanmuTools\JonysandMHDanmuTools.sln鈥?Build 鐩爣) (1) ->
       鈥淒:\VisualStudioProjects\JonysandMHDanmuTools\MonsterOrderWilds\MonsterOrderWilds.vcxproj鈥?榛樿鐩爣) (4) ->
       (Link 鐩爣) -> 
         SQLite3Lib.lib(sqlite3.obj) : warning LNK4075: 蹇界暐鈥?EDITANDCONTINUE鈥?鐢变簬鈥?INCREMENTAL:NO鈥濊鑼? [D:\VisualStudioProjects\JonysandMHDanmuTools\MonsterOrderWilds\MonsterOrderWilds.vcxproj]
         ProfileManager.obj : warning LNK4248: 鏃犳硶瑙ｆ瀽 typeref 鏍囪(0100001B)(涓衡€渟qlite3_stmt鈥?锛涙槧鍍忓彲鑳芥棤娉曡繍琛?[D:\VisualStudioProjects\JonysandMHDanmuTools\MonsterOrderWilds\MonsterOrderWilds.vcxproj]
         ProfileManager.obj : warning LNK4248: 鏃犳硶瑙ｆ瀽 typeref 鏍囪(01000020)(涓衡€渟qlite3鈥?锛涙槧鍍忓彲鑳芥棤娉曡繍琛?[D:\VisualStudioProjects\JonysandMHDanmuTools\MonsterOrderWilds\MonsterOrderWilds.vcxproj]

    7 涓鍛?
    0 涓敊璇?

宸茬敤鏃堕棿 00:00:11.33
